====== ===========
rlz_id structural 
====== ===========
0      1.57878E+07
====== ===========