#,,,,,,,,,,,,,,,,,,,,,"generated_by='OpenQuake engine 3.7.0-git5e91b20b88', start_date='2019-09-05T06:14:56', checksum=3672594697, kind='mean', investigation_time=50.0, imt='SA(1.0)'"
lon,lat,depth,poe-0.0050000,poe-0.0070000,poe-0.0098000,poe-0.0137000,poe-0.0192000,poe-0.0269000,poe-0.0376000,poe-0.0527000,poe-0.0738000,poe-0.1030000,poe-0.1450000,poe-0.2030000,poe-0.2840000,poe-0.3970000,poe-0.5560000,poe-0.7780000,poe-1.0900000,poe-1.5200000,poe-2.1300000
6.00000,32.50000,0.00000,1.932415E-04,9.634646E-05,4.257156E-05,1.639108E-05,5.267699E-06,1.340787E-06,2.501049E-07,3.148326E-08,1.689566E-09,0.000000E+00,0.000000E+00,0.000000E+00,0.000000E+00,0.000000E+00,0.000000E+00,0.000000E+00,0.000000E+00,0.000000E+00,0.000000E+00
7.50000,36.00000,0.00000,0.000000E+00,0.000000E+00,0.000000E+00,0.000000E+00,0.000000E+00,0.000000E+00,0.000000E+00,0.000000E+00,0.000000E+00,0.000000E+00,0.000000E+00,0.000000E+00,0.000000E+00,0.000000E+00,0.000000E+00,0.000000E+00,0.000000E+00,0.000000E+00,0.000000E+00
