#,,,,,,"generated_by='OpenQuake engine 3.7.0-git5e91b20b88', start_date='2019-09-05T06:16:49', checksum=1503171782, kind='quantile-0.25', risk_investigation_time=50.0"
id,policy,taxonomy,lon,lat,nonstructural~poe-0.1,structural~poe-0.1
"a0","A","RM",81.29850,29.10980,5.31049E+02,6.62629E+02
"a1","A","RC",83.08230,27.90060,6.56827E+01,1.64211E+02
"a2","B","W",85.74770,27.90150,8.14148E+01,6.06979E+02
"a3","B","RM",85.74770,27.90150,3.12513E+02,6.19817E+02
