#,,,,,,,,,,,,,,,,,,,,,,,,,,,,"generated_by='OpenQuake engine 3.7.0-git5e91b20b88', start_date='2019-09-05T06:14:15', checksum=561276680, kind='mean', investigation_time=50.0, imt='SA(0.15)'"
lon,lat,depth,poe-0.0009000,poe-0.0010000,poe-0.0020000,poe-0.0030000,poe-0.0040000,poe-0.0050000,poe-0.0070000,poe-0.0098000,poe-0.0137000,poe-0.0192000,poe-0.0269000,poe-0.0376000,poe-0.0527000,poe-0.0738000,poe-0.1030000,poe-0.1450000,poe-0.2030000,poe-0.2840000,poe-0.3970000,poe-0.5560000,poe-0.7780000,poe-1.0900000,poe-1.5200000,poe-2.1300000,poe-2.8500000,poe-3.4500000
16.26570,39.30020,0.00000,6.323414E-01,6.320175E-01,6.260009E-01,6.171505E-01,6.073511E-01,5.973665E-01,5.777773E-01,5.516493E-01,5.172164E-01,4.714541E-01,4.126723E-01,3.423757E-01,2.651698E-01,1.908019E-01,1.278545E-01,7.870634E-02,4.559385E-02,2.488683E-02,1.292678E-02,6.431139E-03,3.140853E-03,1.533051E-03,7.650514E-04,3.821155E-04,2.092892E-04,1.395715E-04
