============= ===== =====
return_period kind  value
30            rlz-0 NaN  
30            rlz-1 NaN  
60            rlz-0 232  
60            rlz-1 207  
120           rlz-0 869  
120           rlz-1 667  
240           rlz-0 1,181
240           rlz-1 1,047
480           rlz-0 1,693
480           rlz-1 1,140
960           rlz-0 2,856
960           rlz-1 4,349
============= ===== =====