cresta,id,occupancy,state,taxonomy,lon,lat,business_interruption,contents,nonstructural,occupants,structural
"0.21","a3","Com","02","tax1",-122.57000,38.11300,0.00000E+00,0.00000E+00,0.00000E+00,0.00000E+00,0.00000E+00
"0.12","a2","Res","01","tax2",-122.11400,38.11300,0.00000E+00,0.00000E+00,0.00000E+00,0.00000E+00,0.00000E+00
"0.23","a5","Res","02","tax1",-122.00000,37.91000,0.00000E+00,0.00000E+00,0.00000E+00,0.00000E+00,0.00000E+00
"0.22","a4","Res","02","tax3",-122.00000,38.00000,0.00000E+00,0.00000E+00,0.00000E+00,0.00000E+00,0.00000E+00
"0.11","a1","Res","01","tax1",-122.00000,38.11300,0.00000E+00,0.00000E+00,0.00000E+00,0.00000E+00,0.00000E+00
"0.31","a6","Res","03","tax2",-122.00000,38.22500,0.00000E+00,0.00000E+00,0.00000E+00,0.00000E+00,0.00000E+00
"0.32","a7","Res","03","tax1",-121.88600,38.11300,0.00000E+00,0.00000E+00,0.00000E+00,0.00000E+00,0.00000E+00
