#,,,,,,,,,,,,,,,,"generated_by='OpenQuake engine 3.7.0-git5e91b20b88', start_date='2019-09-05T06:16:57', checksum=1634090954, kind='b2~b12_@_b21', risk_investigation_time=50.0"
cresta,id,occupancy,state,taxonomy,lon,lat,business_interruption~poe-0.02,business_interruption~poe-0.1,contents~poe-0.02,contents~poe-0.1,nonstructural~poe-0.02,nonstructural~poe-0.1,occupants~poe-0.02,occupants~poe-0.1,structural~poe-0.02,structural~poe-0.1
"0.21","a3","Com","02","tax1",-122.57000,38.11300,0.00000E+00,0.00000E+00,0.00000E+00,0.00000E+00,0.00000E+00,0.00000E+00,0.00000E+00,0.00000E+00,0.00000E+00,0.00000E+00
"0.12","a2","Res","01","tax2",-122.11400,38.11300,0.00000E+00,0.00000E+00,0.00000E+00,0.00000E+00,0.00000E+00,0.00000E+00,0.00000E+00,0.00000E+00,0.00000E+00,0.00000E+00
"0.23","a5","Res","02","tax1",-122.00000,37.91000,0.00000E+00,0.00000E+00,0.00000E+00,0.00000E+00,0.00000E+00,0.00000E+00,0.00000E+00,0.00000E+00,0.00000E+00,0.00000E+00
"0.22","a4","Res","02","tax3",-122.00000,38.00000,0.00000E+00,0.00000E+00,0.00000E+00,0.00000E+00,0.00000E+00,0.00000E+00,0.00000E+00,0.00000E+00,0.00000E+00,0.00000E+00
"0.11","a1","Res","01","tax1",-122.00000,38.11300,0.00000E+00,0.00000E+00,0.00000E+00,0.00000E+00,0.00000E+00,0.00000E+00,0.00000E+00,0.00000E+00,0.00000E+00,0.00000E+00
"0.31","a6","Res","03","tax2",-122.00000,38.22500,0.00000E+00,0.00000E+00,0.00000E+00,0.00000E+00,0.00000E+00,0.00000E+00,0.00000E+00,0.00000E+00,0.00000E+00,0.00000E+00
"0.32","a7","Res","03","tax1",-121.88600,38.11300,0.00000E+00,0.00000E+00,0.00000E+00,0.00000E+00,0.00000E+00,0.00000E+00,0.00000E+00,0.00000E+00,0.00000E+00,0.00000E+00
