#,,,,,,,,,,,,,,,,"generated_by='OpenQuake engine 3.7.0-git5e91b20b88', start_date='2019-09-05T06:16:57', checksum=1634090954, kind='b1~b11_@_b22', risk_investigation_time=50.0"
cresta,id,occupancy,state,taxonomy,lon,lat,business_interruption~poe-0.02,business_interruption~poe-0.1,contents~poe-0.02,contents~poe-0.1,nonstructural~poe-0.02,nonstructural~poe-0.1,occupants~poe-0.02,occupants~poe-0.1,structural~poe-0.02,structural~poe-0.1
"0.21","a3","Com","02","tax1",-122.57000,38.11300,0.00000E+00,0.00000E+00,0.00000E+00,0.00000E+00,0.00000E+00,0.00000E+00,0.00000E+00,0.00000E+00,0.00000E+00,0.00000E+00
"0.12","a2","Res","01","tax2",-122.11400,38.11300,4.71258E+01,4.71258E+01,9.84439E+02,9.84439E+02,1.29615E+03,1.29615E+03,9.42516E-04,9.42516E-04,1.13850E+02,1.13850E+02
"0.23","a5","Res","02","tax1",-122.00000,37.91000,2.34427E+01,2.34427E+01,1.21771E+02,1.21771E+02,1.82657E+02,1.82657E+02,4.68854E-04,4.68854E-04,0.00000E+00,0.00000E+00
"0.22","a4","Res","02","tax3",-122.00000,38.00000,3.14108E+01,3.14108E+01,2.06294E+02,2.06294E+02,2.24536E+02,2.24536E+02,6.28217E-04,6.28217E-04,0.00000E+00,0.00000E+00
"0.11","a1","Res","01","tax1",-122.00000,38.11300,1.56479E+02,1.56479E+02,1.19991E+03,1.19991E+03,1.42538E+03,1.42538E+03,3.12959E-03,3.12959E-03,6.91108E+02,6.91108E+02
"0.31","a6","Res","03","tax2",-122.00000,38.22500,3.73206E+01,3.73206E+01,3.45057E+02,3.45057E+02,5.17585E+02,5.17585E+02,7.46412E-04,7.46412E-04,9.87698E+01,9.87698E+01
"0.32","a7","Res","03","tax1",-121.88600,38.11300,4.40423E+01,4.40423E+01,2.58195E+02,2.58195E+02,3.87292E+02,3.87292E+02,8.80846E-04,8.80846E-04,1.17569E+02,1.17569E+02
