#,,,,,,,,,,,,,,,,"generated_by='OpenQuake engine 3.7.0-git5e91b20b88', start_date='2019-09-05T06:16:57', checksum=1634090954, kind='b1~b12_@_b22', risk_investigation_time=50.0"
cresta,id,occupancy,state,taxonomy,lon,lat,business_interruption~poe-0.02,business_interruption~poe-0.1,contents~poe-0.02,contents~poe-0.1,nonstructural~poe-0.02,nonstructural~poe-0.1,occupants~poe-0.02,occupants~poe-0.1,structural~poe-0.02,structural~poe-0.1
"0.21","a3","Com","02","tax1",-122.57000,38.11300,0.00000E+00,0.00000E+00,0.00000E+00,0.00000E+00,0.00000E+00,0.00000E+00,0.00000E+00,0.00000E+00,0.00000E+00,0.00000E+00
"0.12","a2","Res","01","tax2",-122.11400,38.11300,3.71970E+01,3.71970E+01,4.72481E+02,4.72481E+02,7.06940E+02,7.06940E+02,7.43939E-04,7.43939E-04,0.00000E+00,0.00000E+00
"0.23","a5","Res","02","tax1",-122.00000,37.91000,2.37435E+01,2.37435E+01,1.24250E+02,1.24250E+02,1.86375E+02,1.86375E+02,4.74870E-04,4.74870E-04,0.00000E+00,0.00000E+00
"0.22","a4","Res","02","tax3",-122.00000,38.00000,2.78867E+01,2.78867E+01,1.24409E+02,1.24409E+02,2.32023E+02,2.32023E+02,5.57734E-04,5.57734E-04,0.00000E+00,0.00000E+00
"0.11","a1","Res","01","tax1",-122.00000,38.11300,1.16606E+02,1.16606E+02,8.63815E+02,8.63815E+02,1.06873E+03,1.06873E+03,2.33212E-03,2.33212E-03,4.94552E+02,4.94552E+02
"0.31","a6","Res","03","tax2",-122.00000,38.22500,3.67403E+01,3.67403E+01,2.46785E+02,2.46785E+02,3.70178E+02,3.70178E+02,7.34806E-04,7.34806E-04,0.00000E+00,0.00000E+00
"0.32","a7","Res","03","tax1",-121.88600,38.11300,4.24939E+01,4.24939E+01,2.50089E+02,2.50089E+02,3.75134E+02,3.75134E+02,8.49879E-04,8.49879E-04,1.19322E+02,1.19322E+02
