asset_ref,taxonomy,state,cresta,occupancy,lon,lat,business_interruption~poe-0.02,business_interruption~poe-0.1,contents~poe-0.02,contents~poe-0.1,nonstructural~poe-0.02,nonstructural~poe-0.1,occupants~poe-0.02,occupants~poe-0.1,structural~poe-0.02,structural~poe-0.1,business_interruption_ins~poe-0.02,business_interruption_ins~poe-0.1,contents_ins~poe-0.02,contents_ins~poe-0.1,nonstructural_ins~poe-0.02,nonstructural_ins~poe-0.1,occupants_ins~poe-0.02,occupants_ins~poe-0.1,structural_ins~poe-0.02,structural_ins~poe-0.1
a3,"tax1","02","0.21","Com",-122.57000,38.11300,4.85834E+01,4.85834E+01,2.91507E+02,2.91507E+02,4.37261E+02,4.37261E+02,9.71669E-04,9.71669E-04,1.52389E+02,1.52389E+02,7.00000E-01,7.00000E-01,7.00000E-01,7.00000E-01,7.00000E-01,7.00000E-01,0.00000E+00,0.00000E+00,7.00000E-01,7.00000E-01
a2,"tax2","01","0.12","Res",-122.11400,38.11300,4.08269E+01,4.08269E+01,1.34745E+03,1.34745E+03,1.57647E+03,1.57647E+03,8.16538E-04,8.16538E-04,1.02967E+02,1.02967E+02,7.00000E-01,7.00000E-01,7.00000E-01,7.00000E-01,7.00000E-01,7.00000E-01,0.00000E+00,0.00000E+00,7.00000E-01,7.00000E-01
a5,"tax1","02","0.23","Res",-122.00000,37.91000,4.10697E+01,4.10697E+01,2.39352E+02,2.39352E+02,3.59028E+02,3.59028E+02,8.21394E-04,8.21394E-04,1.07327E+02,1.07327E+02,7.00000E-01,7.00000E-01,7.00000E-01,7.00000E-01,7.00000E-01,7.00000E-01,0.00000E+00,0.00000E+00,7.00000E-01,7.00000E-01
a4,"tax3","02","0.22","Res",-122.00000,38.00000,2.85117E+01,2.85117E+01,1.08224E+02,1.08224E+02,2.95961E+02,2.95961E+02,5.70235E-04,5.70235E-04,0.00000E+00,0.00000E+00,7.00000E-01,7.00000E-01,7.00000E-01,7.00000E-01,7.00000E-01,7.00000E-01,0.00000E+00,0.00000E+00,0.00000E+00,0.00000E+00
a1,"tax1","01","0.11","Res",-122.00000,38.11300,5.11737E+01,5.11737E+01,3.05981E+02,3.05981E+02,4.58971E+02,4.58971E+02,1.02347E-03,1.02347E-03,1.52733E+02,1.52733E+02,7.00000E-01,7.00000E-01,7.00000E-01,7.00000E-01,7.00000E-01,7.00000E-01,0.00000E+00,0.00000E+00,7.00000E-01,7.00000E-01
a6,"tax2","03","0.31","Res",-122.00000,38.22500,4.85016E+01,4.85016E+01,8.89062E+02,8.89062E+02,1.12880E+03,1.12880E+03,9.70032E-04,9.70032E-04,1.15659E+02,1.15659E+02,7.00000E-01,7.00000E-01,7.00000E-01,7.00000E-01,7.00000E-01,7.00000E-01,0.00000E+00,0.00000E+00,7.00000E-01,7.00000E-01
a7,"tax1","03","0.32","Res",-121.88600,38.11300,5.08631E+01,5.08631E+01,3.02278E+02,3.02278E+02,4.53418E+02,4.53418E+02,1.01726E-03,1.01726E-03,1.44247E+02,1.44247E+02,7.00000E-01,7.00000E-01,7.00000E-01,7.00000E-01,7.00000E-01,7.00000E-01,0.00000E+00,0.00000E+00,7.00000E-01,7.00000E-01
