#,,,,,,,,,,,,,,,,,,,,,"generated_by='OpenQuake engine 3.7.0-git5e91b20b88', start_date='2019-09-05T06:14:44', checksum=1839663514, kind='mean', investigation_time=50.0, imt='SA(0.2)'"
lon,lat,depth,poe-0.0050000,poe-0.0070000,poe-0.0098000,poe-0.0137000,poe-0.0192000,poe-0.0269000,poe-0.0376000,poe-0.0527000,poe-0.0738000,poe-0.1030000,poe-0.1450000,poe-0.2030000,poe-0.2840000,poe-0.3970000,poe-0.5560000,poe-0.7780000,poe-1.0900000,poe-1.5200000,poe-2.1300000
0.00000,0.00000,0.00000,9.999948E-01,9.999948E-01,9.999946E-01,9.999939E-01,9.999917E-01,9.999834E-01,9.999476E-01,9.997433E-01,9.984275E-01,9.908620E-01,9.564456E-01,8.561725E-01,6.661192E-01,4.287943E-01,2.228864E-01,9.391596E-02,3.188157E-02,8.671635E-03,1.733672E-03
