NAME_1,id,taxonomy,lon,lat,structural
"RegionB","a3","tax1",-122.57000,38.11300,4.85046E-01
"RegionA","a2","tax1",-122.11400,38.11300,7.81351E+00
"RegionB","a5","tax1",-122.00000,37.91000,8.44404E+00
"RegionB","a4","tax1",-122.00000,38.00000,2.59392E+01
"RegionA","a1","tax1",-122.00000,38.11300,3.97051E+01
"RegionB","a6","tax1",-122.00000,38.22500,1.31599E+01
"RegionB","a7","tax1",-121.88600,38.11300,9.49739E+00
