id,taxonomy,lon,lat,structural
"a1","tax1",-122.00000,38.11300,2.25000E+01
