#,,,,,,,,,,,,,,,,,,,,,,,,,,,,"generated_by='OpenQuake engine 3.7.0-git5e91b20b88', start_date='2019-09-05T06:14:15', checksum=561276680, kind='mean', investigation_time=50.0, imt='SA(0.1)'"
lon,lat,depth,poe-0.0009000,poe-0.0010000,poe-0.0020000,poe-0.0030000,poe-0.0040000,poe-0.0050000,poe-0.0070000,poe-0.0098000,poe-0.0137000,poe-0.0192000,poe-0.0269000,poe-0.0376000,poe-0.0527000,poe-0.0738000,poe-0.1030000,poe-0.1450000,poe-0.2030000,poe-0.2840000,poe-0.3970000,poe-0.5560000,poe-0.7780000,poe-1.0900000,poe-1.5200000,poe-2.1300000,poe-2.8500000,poe-3.4500000
16.26570,39.30020,0.00000,6.324547E-01,6.321709E-01,6.267021E-01,6.183911E-01,6.089937E-01,5.992664E-01,5.798476E-01,5.535054E-01,5.184849E-01,4.719549E-01,4.125890E-01,3.422749E-01,2.657378E-01,1.923069E-01,1.299061E-01,8.062768E-02,4.693952E-02,2.559447E-02,1.317741E-02,6.444704E-03,3.072911E-03,1.467795E-03,7.234165E-04,3.589354E-04,1.956559E-04,1.299724E-04
