#,,,,,,,,,,,,,,,,,,,,,,,,,,,,"generated_by='OpenQuake engine 3.7.0-git5e91b20b88', start_date='2019-09-05T06:14:15', checksum=561276680, kind='mean', investigation_time=50.0, imt='PGA'"
lon,lat,depth,poe-0.0009000,poe-0.0010000,poe-0.0020000,poe-0.0030000,poe-0.0040000,poe-0.0050000,poe-0.0070000,poe-0.0098000,poe-0.0137000,poe-0.0192000,poe-0.0269000,poe-0.0376000,poe-0.0527000,poe-0.0738000,poe-0.1030000,poe-0.1450000,poe-0.2030000,poe-0.2840000,poe-0.3970000,poe-0.5560000,poe-0.7780000,poe-1.0900000,poe-1.5200000,poe-2.1300000,poe-2.8500000,poe-3.4500000
16.26570,39.30020,0.00000,6.275806E-01,6.260522E-01,6.073878E-01,5.875117E-01,5.679992E-01,5.488205E-01,5.111437E-01,4.602132E-01,3.950157E-01,3.178290E-01,2.375525E-01,1.649497E-01,1.062723E-01,6.428407E-02,3.696944E-02,1.986341E-02,1.022104E-02,4.992285E-03,2.310934E-03,1.017770E-03,4.425851E-04,1.914618E-04,8.225490E-05,3.301419E-05,1.377367E-05,7.292653E-06
