#,,"generated_by='OpenQuake engine 3.7.0-gitab830d1d1c', start_date='2019-09-12T04:36:00', checksum=1811660702, smlt_path='b1', gsimlt_path='b1', imt='PGA', investigation_time=50.0, lon=10.099999999999994, lat=40.1, poe='0.0200000', iml='5.4769062e-01', rlz=0"
lon,lat,poe
8.25000E+00,3.97500E+01,0.00000E+00
8.25000E+00,4.12500E+01,0.00000E+00
9.75000E+00,3.97500E+01,1.93221E-02
9.75000E+00,4.12500E+01,0.00000E+00
1.12500E+01,3.97500E+01,0.00000E+00
1.12500E+01,4.12500E+01,0.00000E+00
