id,taxonomy,lon,lat,structural~mean,structural~stddev
"a2","tax1",-122.00000,38.00300,4.22500E+01,1.31228E+02
"a1","tax1",-122.00000,38.11300,4.22500E+02,1.31228E+03
